// Jest Snapshot v1, https://goo.gl/fbAQLP

exports[`PokemonPage.vue should match with the snapshot 1`] = `<h1>Espere por favor......</h1>`;

exports[`PokemonPage.vue should match with the snapshot when pokemonArray is not empty 1`] = `
<div>
  <h1>Â¿Quien es este pokemon?</h1>
  <pokemon-picture-stub pokemonid="1" showpokemon="false"></pokemon-picture-stub>
  <pokemon-options-stub pokemons="[object Object],[object Object],[object Object]"></pokemon-options-stub>
  <!--v-if-->
</div>
`;
